2001.11.28 22:38 B c:\ff\Documentation\man\68000.gif --> ftp.tinyboot.com /web/man 68000.gif
2001.11.28 22:38 B c:\ff\Documentation\man\68000.html --> ftp.tinyboot.com /web/man 68000.html
2001.11.28 22:38 B c:\ff\Documentation\man\8051.gif --> ftp.tinyboot.com /web/man 8051.gif
2001.11.28 22:38 B c:\ff\Documentation\man\8051.html --> ftp.tinyboot.com /web/man 8051.html
2001.11.28 22:38 B c:\ff\Documentation\man\anstof.txt --> ftp.tinyboot.com /web/man anstof.txt
2001.11.28 22:38 B c:\ff\Documentation\man\appwords.html --> ftp.tinyboot.com /web/man appwords.html
2001.11.28 22:38 B c:\ff\Documentation\man\avr.html --> ftp.tinyboot.com /web/man avr.html
2001.11.28 22:38 B c:\ff\Documentation\man\avrcable.gif --> ftp.tinyboot.com /web/man avrcable.gif
2001.11.28 22:38 B c:\ff\Documentation\man\boot.html --> ftp.tinyboot.com /web/man boot.html
2001.11.28 22:38 B c:\ff\Documentation\man\builder.html --> ftp.tinyboot.com /web/man builder.html
2001.11.28 22:38 B c:\ff\Documentation\man\buildint.html --> ftp.tinyboot.com /web/man buildint.html
2001.11.28 22:38 B c:\ff\Documentation\man\butbrows.gif --> ftp.tinyboot.com /web/man butbrows.gif
2001.11.28 22:38 B c:\ff\Documentation\man\butbuild.gif --> ftp.tinyboot.com /web/man butbuild.gif
2001.11.28 22:38 B c:\ff\Documentation\man\buthibug.gif --> ftp.tinyboot.com /web/man buthibug.gif
2001.11.28 22:38 B c:\ff\Documentation\man\buthome.gif --> ftp.tinyboot.com /web/man buthome.gif
2001.11.28 22:38 B c:\ff\Documentation\man\buthost.gif --> ftp.tinyboot.com /web/man buthost.gif
2001.11.28 22:38 B c:\ff\Documentation\man\butlobug.gif --> ftp.tinyboot.com /web/man butlobug.gif
2001.11.28 22:38 B c:\ff\Documentation\man\butplug.gif --> ftp.tinyboot.com /web/man butplug.gif
2001.11.28 22:38 B c:\ff\Documentation\man\butredo.gif --> ftp.tinyboot.com /web/man butredo.gif
2001.11.28 22:38 B c:\ff\Documentation\man\butreset.gif --> ftp.tinyboot.com /web/man butreset.gif
2001.11.28 22:38 B c:\ff\Documentation\man\buttar.gif --> ftp.tinyboot.com /web/man buttar.gif
2001.11.28 22:38 B c:\ff\Documentation\man\butterm.gif --> ftp.tinyboot.com /web/man butterm.gif
2001.11.28 22:38 B c:\ff\Documentation\man\butunplug.gif --> ftp.tinyboot.com /web/man butunplug.gif
2001.11.28 22:38 B c:\ff\Documentation\man\butwatch.gif --> ftp.tinyboot.com /web/man butwatch.gif
2001.11.28 22:38 B c:\ff\Documentation\man\butwave.gif --> ftp.tinyboot.com /web/man butwave.gif
2001.11.28 22:38 B c:\ff\Documentation\man\connect.html --> ftp.tinyboot.com /web/man connect.html
2001.11.28 22:38 B c:\ff\Documentation\man\corewords1.html --> ftp.tinyboot.com /web/man corewords1.html
2001.11.28 22:38 B c:\ff\Documentation\man\corewords2.html --> ftp.tinyboot.com /web/man corewords2.html
2001.11.28 22:38 B c:\ff\Documentation\man\corewords3.html --> ftp.tinyboot.com /web/man corewords3.html
2001.11.28 22:38 B c:\ff\Documentation\man\corewords4.html --> ftp.tinyboot.com /web/man corewords4.html
2001.11.28 22:38 B c:\ff\Documentation\man\crdoes.html --> ftp.tinyboot.com /web/man crdoes.html
2001.11.28 22:38 B c:\ff\Documentation\man\forthint.html --> ftp.tinyboot.com /web/man forthint.html
2001.11.28 22:38 B c:\ff\Documentation\man\hexwindows.html --> ftp.tinyboot.com /web/man hexwindows.html
2001.11.28 22:38 B c:\ff\Documentation\man\hibug.html --> ftp.tinyboot.com /web/man hibug.html
2001.11.28 22:38 B c:\ff\Documentation\man\homebuild.html --> ftp.tinyboot.com /web/man homebuild.html
2001.11.28 22:38 B c:\ff\Documentation\man\homehost.html --> ftp.tinyboot.com /web/man homehost.html
2001.11.28 22:38 B c:\ff\Documentation\man\hometest.html --> ftp.tinyboot.com /web/man hometest.html
2001.11.28 22:38 B c:\ff\Documentation\man\hostint.html --> ftp.tinyboot.com /web/man hostint.html
2001.11.28 22:38 B c:\ff\Documentation\man\index.html --> ftp.tinyboot.com /web/man index.html
2001.11.28 22:38 B c:\ff\Documentation\man\license.html --> ftp.tinyboot.com /web/man license.html
2001.11.28 22:38 B c:\ff\Documentation\man\lobug.html --> ftp.tinyboot.com /web/man lobug.html
2001.11.28 22:38 B c:\ff\Documentation\man\locals.html --> ftp.tinyboot.com /web/man locals.html
2001.11.28 22:38 B c:\ff\Documentation\man\manual.html --> ftp.tinyboot.com /web/man manual.html
2001.11.28 22:38 B c:\ff\Documentation\man\scope.html --> ftp.tinyboot.com /web/man scope.html
2001.11.28 22:39 B c:\ff\Documentation\man\snapbi.gif --> ftp.tinyboot.com /web/man snapbi.gif
2001.11.28 22:39 B c:\ff\Documentation\man\snapbrow.gif --> ftp.tinyboot.com /web/man snapbrow.gif
2001.11.28 22:39 B c:\ff\Documentation\man\snapbug.gif --> ftp.tinyboot.com /web/man snapbug.gif
2001.11.28 22:39 B c:\ff\Documentation\man\snapforth.gif --> ftp.tinyboot.com /web/man snapforth.gif
2001.11.28 22:39 B c:\ff\Documentation\man\snapgraph.gif --> ftp.tinyboot.com /web/man snapgraph.gif
2001.11.28 22:39 B c:\ff\Documentation\man\snaphex.gif --> ftp.tinyboot.com /web/man snaphex.gif
2001.11.28 22:39 B c:\ff\Documentation\man\snaphibug.gif --> ftp.tinyboot.com /web/man snaphibug.gif
2001.11.28 22:39 B c:\ff\Documentation\man\snaphome.gif --> ftp.tinyboot.com /web/man snaphome.gif
2001.11.28 22:39 B c:\ff\Documentation\man\snaplobug.gif --> ftp.tinyboot.com /web/man snaplobug.gif
2001.11.28 22:39 B c:\ff\Documentation\man\snapterm.gif --> ftp.tinyboot.com /web/man snapterm.gif
2001.11.28 22:39 B c:\ff\Documentation\man\snaptest.gif --> ftp.tinyboot.com /web/man snaptest.gif
2001.11.28 22:39 B c:\ff\Documentation\man\snaptoke.gif --> ftp.tinyboot.com /web/man snaptoke.gif
2001.11.28 22:39 B c:\ff\Documentation\man\snapwatch.gif --> ftp.tinyboot.com /web/man snapwatch.gif
2001.11.28 22:39 B c:\ff\Documentation\man\spi.txt --> ftp.tinyboot.com /web/man spi.txt
2001.11.28 22:39 B c:\ff\Documentation\man\syswords.html --> ftp.tinyboot.com /web/man syswords.html
2001.11.28 22:39 B c:\ff\Documentation\man\tab.gif --> ftp.tinyboot.com /web/man tab.gif
2001.11.28 22:39 B c:\ff\Documentation\man\tartopc.gif --> ftp.tinyboot.com /web/man tartopc.gif
2001.11.28 22:39 B c:\ff\Documentation\man\testint.html --> ftp.tinyboot.com /web/man testint.html
2001.11.28 22:39 B c:\ff\Documentation\man\titlepage.html --> ftp.tinyboot.com /web/man titlepage.html
2001.11.28 22:39 B c:\ff\Documentation\man\tokenbrowser.html --> ftp.tinyboot.com /web/man tokenbrowser.html
2001.11.28 22:39 B c:\ff\Documentation\man\tokenint.html --> ftp.tinyboot.com /web/man tokenint.html
2001.11.28 22:39 B c:\ff\Documentation\man\tokenizer.html --> ftp.tinyboot.com /web/man tokenizer.html
2001.11.28 22:39 B c:\ff\Documentation\man\usbmouso.txt --> ftp.tinyboot.com /web/man usbmouso.txt
2001.11.28 22:39 B c:\ff\Documentation\man\usbmouss.txt --> ftp.tinyboot.com /web/man usbmouss.txt
2001.11.28 22:39 B c:\ff\Documentation\man\virtualcon.html --> ftp.tinyboot.com /web/man virtualcon.html
2001.11.28 22:39 B c:\ff\Documentation\man\watch.html --> ftp.tinyboot.com /web/man watch.html
